https://rollupjs.org/guide/en/#introduction
https://github.com/Annie-Huang/my-rollup-project

https://github.com/rollup/awesome       << Great list of all the plugins...

===============================================================

C:\react>mkdir my-rollup-project

C:\react\my-rollup-project>npm install rollup --global
C:\react\my-rollup-project>rollup

C:\react\my-rollup-project>mkdir src

C:\react\my-rollup-project>rollup src/main.js -f cjs
The -f option (short for --format) specifies what kind of bundle we're creating — in this case, CommonJS
(which will run in Node.js). Because we didn't specify an output file, it will be printed straight to stdout:

C:\react\my-rollup-project>rollup src/main.js -o bundle.js -f cjs
C:\react\my-rollup-project>del bundle.js
C:\react\my-rollup-project>rollup -c            <<< --config or -c

C:\react\my-rollup-project>rollup -c -o bundle-2.js
    You can override any of the options in the config file with the equivalent command line options:
    `-o` is equivalent to `--file` (formerly "output")

C:\react\my-rollup-project>npm init -y
C:\react\my-rollup-project>npm install rollup --save-dev
C:\react\my-rollup-project>del bundle.js
C:\react\my-rollup-project>npm run build
C:\react\my-rollup-project>npm install --save-dev rollup-plugin-json
C:\react\my-rollup-project>npm install --save-dev rollup-plugin-terser

C:\react\my-rollup-project>rollup src/main.js -f cjs -d dist            vs 'rollup src/main.js -f cjs'
C:\react\my-rollup-project>npm run build-with-code-split
    Rollup will use the dynamic import to create a separate chunk that is only loaded on demand.
    In order for Rollup to know where to place the second chunk, instead of passing the --file option
    we set a folder to output to with the --dir option:

    This will create a folder dist containing two files, main.js and chunk-[hash].js, where [hash] is a content based hash string.
    You can supply your own naming patterns by specifying the output.chunkFileNames and output.entryFileNames options.

C:\react\my-rollup-project>node -e "require('./dist/main.js')()"
hello world!

C:\react\my-rollup-project>rollup src/main.js -f cjs            << Will just output into stdout

C:\react\my-rollup-project>rollup src/main.js src/main2.js -f cjs
C:\react\my-rollup-project>npm run build-with-code-split-with-two-entries
    A different use for code-splitting is the ability to specify several entry points that share some dependencies.

C:\react\my-rollup-project>rollup src/main.js src/main2.js -f esm -d dist           <<< ESM stands for ES Modules.
C:\react\my-rollup-project>npm run build-with-code-split-with-two-entries-esm
Rename dist/main.js and dist/main2.js to main-esm.js and main2-esm.js

C:\react\my-rollup-project>rollup src/main.js src/main2.js -f system -d dist        <<<  SystemJS
C:\react\my-rollup-project>npm run build-with-code-split-with-two-entries-system
Rename dist/main.js and dist/main2.js to main-system.js and main2-system.js

C:\react\my-rollup-project>npm install --save-dev systemjs


============================================================================

Do this in gitbash:
Annie@DESKTOP-BH46C1T MINGW64 /c/react/my-rollup-project (master)
$ node
> var myBundle = require('./bundle.js');
undefined
> myBundle();
hello world!
undefined

=================================================
As you build more complex bundles, you'll often need more flexibility –
importing modules installed with NPM, compiling code with Babel, working with JSON files and so on.

=================================================
bundle.min.js:
var version = function () {
    "use strict";
    var n = "1.0.0";
    return function () {
        console.log("version " + n)
    }
}();
